GDTEST_ANALYZER_ERROR
>> ERROR at line 7: Cannot construct abstract class "A".
