GDTEST_PARSER_ERROR
Expected "class_name" or "class" after "abstract".
