GDTEST_ANALYZER_ERROR
>> ERROR at line 1: "Utils" is not a trait.
