GDTEST_ANALYZER_ERROR
>> ERROR at line 11: Cannot call traits functions directly, call through using class.
>> ERROR at line 12: Cannot call traits functions directly, call through using class.
>> ERROR at line 13: Cannot access traits members directly, access through using class.
>> ERROR at line 14: Cannot access traits members directly, access through using class.
