GDTEST_OK
~~ WARNING at line 2: (UNUSED_SIGNAL) The signal "some_signal" is declared but never explicitly used in the class.
~~ WARNING at line 23: (UNSAFE_METHOD_ACCESS) The method "connect()" is not present on the inferred type "Variant" (but may be present on a subtype).
~~ WARNING at line 24: (UNSAFE_METHOD_ACCESS) The method "emit()" is not present on the inferred type "Variant" (but may be present on a subtype).
some signal
0
0
some var
some const
some func
func in inner trait()
ok
