GDTEST_OK
~~ WARNING at line 6: (UNUSED_SIGNAL) The signal "some_signal" is declared but never explicitly used in the class.
ok
