GDTEST_OK
~~ WARNING at line 31: (UNSAFE_CALL_ARGUMENT) The argument 1 of the function "test_func()" requires the subtype "Variant" but the supertype "Variant" was provided.
~~ WARNING at line 41: (UNSAFE_METHOD_ACCESS) The method "shear()" is not present on the inferred type "Variant" (but may be present on a subtype).
~~ WARNING at line 43: (UNSAFE_METHOD_ACCESS) The method "milk()" is not present on the inferred type "Variant" (but may be present on a subtype).
true
true
true
false
Shearable
Animal 1
Shearable
Milkable
Animal 2
Shearable
Animal 3
ok
